path: /v2/library/proxy/manifests/latest
headers: 
  Host: cr.test.io
manifest:
  rules:
    - type:  docker-v1
      repository-name: library/proxy
      domain: cr.test.io
      registry: ghcr.io
      package-id: "8717953c-3452-4ef7-9a14-b64dc19163b4"
      always-proxy: true
