path: /v2/linkerd/proxy/manifests/latest
headers: 
  Host: cr.l5d.io
manifest:
  rules:
    - type:  docker-v1
      repository-name: linkerd/proxy
      domain: cr.l5d.io
      registry: ghcr.io
      package-id: "8717953c-3452-4ef7-9a14-b64dc19163b4"
