{
    "capture": {
        "!v": "1",
        "extract": null,
        "origin": "test-region",
        "partition-key": "-2022-01-11-08",
        "rawHeaders": "Host: vincent.com",
        "referer": "",
        "request": {
            "contentType": "",
            "host": "vincent.com",
            "method": "GET",
            "queryString": "?measures=Population&drilldowns=Nation",
            "remoteAddress": "0.0.0.0",
            "remotePort": "0",
            "uri": "/data"
        },
        "request_id": "00000000000000000000000000000000-0",
        "request_time": 0,
        "responseStatus": 404,
        "time": "2022-01-11T08:34:00.914835Z",
        "trace": null,
        "unixTime": 1641890041,
        "userAgent": ""
    },
    "headers": {},
    "status": 404
}