# multiple variables from multiple query values
path: "/data?drilldowns=Nation&measures=Population"
headers:
  Host: vincent.com
manifest:
  rules:
    - type: file-v1
      incoming-path: "/data?drilldowns={drilldowns}&measures={measures}"
      domain: vincent.com
      package-id: a1b331fa-1539-49e5-bdc4-dc8a48e586d1
      outgoing-url: "https://datausa.io/api/data?drilldowns={drilldowns}&measures={measures}"
