{
    "capture": "FlatfileCapture {fileAbsoluteUrl = Nothing, fileVariables = fromList [], filePackage = \"a3941b62-12ff-4c39-a263-4342495f4b8b\"}",
    "headers": {},
    "status": 200
}