# url contains empty set of query has no template variables
path: "/data"
headers:
  Host: vincent.com
manifest:
  rules:
    - type: file-v1
      incoming-path: "/data"
      domain: vincent.com
      package-id: a1b331fa-1539-49e5-bdc4-dc8a48e586d1
      outgoing-url: "https://datausa.io/api/data"
