# having variable as part of the path and in a query value
path: "/Nation?measures=Population"
headers:
  Host: vincent.com
manifest:
  rules:
    - type: file-v1
      incoming-path: "/{drilldowns}?measures={measures}"
      domain: vincent.com
      package-id: a1b331fa-1539-49e5-bdc4-dc8a48e586d1
      outgoing-url: "https://datausa.io/api/data?drilldowns={drilldowns}&measures={measures}"
