captures: '[ Nothing ]'
headers: {}
query: ?measures=Population&drilldowns=Nation
status: 404
