{
    "capture": "FlatfileCapture {fileAbsoluteUrl = Nothing, fileVariables = fromList [(\"somevar\",\"very-nice\")], filePackage = \"4ba1cddc-3756-4fa3-8e80-e4db56b34816\"}",
    "headers": {},
    "status": 200
}