# multiple variables
path: "/some-nice-path/very-nice/really-nice"
headers:
  Host: nicedomain.com
manifest:
  rules:
    - type: file-v1
      incoming-path: "/some-nice-path/{somevar}/{somevar2}"
      domain: nicedomain.com
      package-id: 21c24cd1-73fa-4970-8a6a-bc570e55b91e
      outgoing-url: null
