path: /blah/blah?prefix=foo
headers: 
  Host: test-org.gateway.scarf.sh
manifest:
  rules:
    - type: file-v1
      incoming-path: /{+path}
      domain: test-org.gateway.scarf.sh
      package-id: a1b331fa-1539-49e5-bdc4-dc8a48e586d1
      outgoing-url: https://some.host/{+path}
