path: /v2/someengineering/resotoshell/manifests/latest
headers: 
  Host: somecr.io
manifest:
  rules:
    - type: file-v1
      incoming-path: /{+path}
      domain: somecr.io
      package-id: a1b331fa-1539-49e5-bdc4-dc8a48e586d1
      outgoing-url: https://some.engineering/{+path}
    - type:  docker-v1
      domain: somecr.io
      registry: ghcr.io
      package-id: bd06145b-3f32-4f36-9755-69b3dfb6e71d
      repository-name: someengineering/resotoshell
