captures: '[ Just (PixelCapture "12345") ]'
headers:
  Cache-control: no-cache, no-store, must-revalidate
  Content-Length: '24'
  Content-Type: image/png
query: ?x-pxid=12345
status: 200
