{
    "capture": "PixelCapture \"12345\"",
    "headers": {
        "Cache-control": "no-cache, no-store, must-revalidate",
        "Content-Length": "24",
        "Content-Type": "image/png"
    },
    "status": 200
}