{
    "capture": "Nothing",
    "headers": {},
    "status": 404
}