path: /package-event/install
method: POST
headers: 
  Host: scarf.sh
manifest: 
  rules: []
