captures: |-
  [ Just
      ScarfJsCapture
        { scarfJsRequestBody =
            Object
              (fromList
                 [ ( "dependencyInfo" , Object (fromList []) )
                 , ( "libraryType" , String "npm" )
                 , ( "rawArch" , String "x86_64" )
                 , ( "rawPlatform" , String "osx" )
                 ])
        , scarfJsPackage = Nothing
        }
  ]
headers:
  Content-Type: application/json
status: 200
