path: /events
method: POST
headers:
  Host: cool-stuff.io
  Authorization: Bearer 98765cba
manifest:
  rules:
    - type:  telemetry-v1
      domain: cool-stuff.io
      package-id: "123"
      incoming-path: /events
      access-tokens:
        - 12345abcde